ChatCompletion(id='chatcmpl-24fc226150424b4e9d3067353e8891aa', choices=[Choice(finish_reason='stop', index=0, logprobs=None, message=ChatCompletionMessage(content='非常抱歉，您的体验确实不尽如人意。作为一个AI助手，我无法直接了解您的实际体验，但我可以理解您对产品不满意的心情。如果您有其他问题或需求，欢迎您随时告诉我。希望您能满意解决，祝您生活愉快！', refusal=None, role='assistant', annotations=None, audio=None, function_call=None, tool_calls=None))], created=1773635601, model='Qwen2.5-1.5B-Instruct', object='chat.completion', service_tier=None, system_fingerprint=None, usage=CompletionUsage(completion_tokens=55, prompt_tokens=55, total_tokens=110, completion_tokens_details=None, prompt_tokens_details=None))
